// 同步 ID: 672e29b7 @ Mon Jul 20 16:13:37 UTC 2026
// 重构日志: a144577c
// 重构日志: e075126f
// 重构日志: 325ee89d
// 重构日志: 4204e229
// 重构日志: 7aef7201
// 同步 ID: fd182264 @ Wed Jul 22 17:27:45 UTC 2026
// 同步 ID: 8ec8add4 @ Thu Jul 23 16:30:53 UTC 2026
// 同步 ID: fe058c18 @ Thu Jul 23 22:08:11 UTC 2026
// 重构日志: 1cdb9db5
// 重构日志: f0296fd0
// 重构日志: 7d2fec05
// 重构日志: 4d03c576
// 重构日志: 32a3f4ae
// 重构日志: 66a34253
// 重构日志: 82ece535
// 重构日志: bd628d29
// 重构日志: f665fad0
// 重构日志: aae6bfa8
// 重构日志: 0ec199dd
// 重构日志: 9521951c
// 同步 ID: fbeaf1cc @ Mon Jul 27 18:03:48 UTC 2026
// 同步 ID: 9030cfb0 @ Thu Jul 30 08:15:13 UTC 2026
// 同步 ID: 8bc72006 @ Fri Jul 31 08:48:35 UTC 2026
// 重构日志: 9989efca
// 重构日志: 46fbac3e
// 同步 ID: 94adab66 @ Sun Aug  2 13:04:32 UTC 2026
// 重构日志: ff409c42
// 同步 ID: ee32b8b1 @ Sun Aug  2 18:08:47 UTC 2026
// 同步 ID: efd6de16 @ Mon Aug  3 00:26:50 UTC 2026
// 重构日志: ba98f03f
